  Wiederherzustellende Projekte werden ermittelt...
C:\Daten\Entwicklung\ClippyAI\ClippyAI\ClippyAI.csproj : warning NU1510: PackageReference System.Configuration.ConfigurationManager will not be pruned. Consider removing this package from your dependencies, as it is likely unnecessary. [C:\Daten\Entwicklung\ClippyAI\ClippyAI.sln]
  Alle Projekte sind f├╝r die Wiederherstellung auf dem neuesten Stand.
C:\Program Files\dotnet\sdk\10.0.103\Microsoft.Common.CurrentVersion.targets(5937,5): warning MSB3061: Die Datei ÔÇ×C:\Daten\Entwicklung\ClippyAI\ClippyAI\bin\Debug\net10.0-windows10.0.17763.0\ClippyAI.dllÔÇ£ kann nicht gel├Âscht werden. Access to the path 'C:\Daten\Entwicklung\ClippyAI\ClippyAI\bin\Debug\net10.0-windows10.0.17763.0\ClippyAI.dll' is denied. Die Datei wird durch "Visual Studio Debug Adapter for .NET (49188), .NET Host (11900)" gesperrt. [C:\Daten\Entwicklung\ClippyAI\ClippyAI\ClippyAI.csproj]
C:\Program Files\dotnet\sdk\10.0.103\Microsoft.Common.CurrentVersion.targets(5937,5): warning MSB3061: Die Datei ÔÇ×C:\Daten\Entwicklung\ClippyAI\ClippyAI\bin\Debug\net10.0-windows10.0.17763.0\de-DE\ClippyAI.resources.dllÔÇ£ kann nicht gel├Âscht werden. Access to the path 'C:\Daten\Entwicklung\ClippyAI\ClippyAI\bin\Debug\net10.0-windows10.0.17763.0\de-DE\ClippyAI.resources.dll' is denied. Die Datei wird durch ".NET Host (11900)" gesperrt. [C:\Daten\Entwicklung\ClippyAI\ClippyAI\ClippyAI.csproj]
C:\Program Files\dotnet\sdk\10.0.103\Microsoft.Common.CurrentVersion.targets(5937,5): warning MSB3061: Die Datei ÔÇ×C:\Daten\Entwicklung\ClippyAI\ClippyAI\bin\Debug\net10.0-windows10.0.17763.0\Avalonia.Base.dllÔÇ£ kann nicht gel├Âscht werden. Access to the path 'C:\Daten\Entwicklung\ClippyAI\ClippyAI\bin\Debug\net10.0-windows10.0.17763.0\Avalonia.Base.dll' is denied. Die Datei wird durch "Visual Studio Debug Adapter for .NET (49188), .NET Host (11900)" gesperrt. [C:\Daten\Entwicklung\ClippyAI\ClippyAI\ClippyAI.csproj]
C:\Program Files\dotnet\sdk\10.0.103\Microsoft.Common.CurrentVersion.targets(5937,5): warning MSB3061: Die Datei ÔÇ×C:\Daten\Entwicklung\ClippyAI\ClippyAI\bin\Debug\net10.0-windows10.0.17763.0\Avalonia.Controls.dllÔÇ£ kann nicht gel├Âscht werden. Access to the path 'C:\Daten\Entwicklung\ClippyAI\ClippyAI\bin\Debug\net10.0-windows10.0.17763.0\Avalonia.Controls.dll' is denied. Die Datei wird durch "Visual Studio Debug Adapter for .NET (49188), .NET Host (11900)" gesperrt. [C:\Daten\Entwicklung\ClippyAI\ClippyAI\ClippyAI.csproj]
C:\Program Files\dotnet\sdk\10.0.103\Microsoft.Common.CurrentVersion.targets(5937,5): warning MSB3061: Die Datei ÔÇ×C:\Daten\Entwicklung\ClippyAI\ClippyAI\bin\Debug\net10.0-windows10.0.17763.0\Avalonia.Dialogs.dllÔÇ£ kann nicht gel├Âscht werden. Access to the path 'C:\Daten\Entwicklung\ClippyAI\ClippyAI\bin\Debug\net10.0-windows10.0.17763.0\Avalonia.Dialogs.dll' is denied. Die Datei wird durch "Visual Studio Debug Adapter for .NET (49188), .NET Host (11900)" gesperrt. [C:\Daten\Entwicklung\ClippyAI\ClippyAI\ClippyAI.csproj]
C:\Program Files\dotnet\sdk\10.0.103\Microsoft.Common.CurrentVersion.targets(5937,5): warning MSB3061: Die Datei ÔÇ×C:\Daten\Entwicklung\ClippyAI\ClippyAI\bin\Debug\net10.0-windows10.0.17763.0\Avalonia.Markup.Xaml.dllÔÇ£ kann nicht gel├Âscht werden. Access to the path 'C:\Daten\Entwicklung\ClippyAI\ClippyAI\bin\Debug\net10.0-windows10.0.17763.0\Avalonia.Markup.Xaml.dll' is denied. Die Datei wird durch "Visual Studio Debug Adapter for .NET (49188), .NET Host (11900)" gesperrt. [C:\Daten\Entwicklung\ClippyAI\ClippyAI\ClippyAI.csproj]
C:\Program Files\dotnet\sdk\10.0.103\Microsoft.Common.CurrentVersion.targets(5937,5): warning MSB3061: Die Datei ÔÇ×C:\Daten\Entwicklung\ClippyAI\ClippyAI\bin\Debug\net10.0-windows10.0.17763.0\Avalonia.Markup.dllÔÇ£ kann nicht gel├Âscht werden. Access to the path 'C:\Daten\Entwicklung\ClippyAI\ClippyAI\bin\Debug\net10.0-windows10.0.17763.0\Avalonia.Markup.dll' is denied. Die Datei wird durch ".NET Host (11900)" gesperrt. [C:\Daten\Entwicklung\ClippyAI\ClippyAI\ClippyAI.csproj]
C:\Program Files\dotnet\sdk\10.0.103\Microsoft.Common.CurrentVersion.targets(5937,5): warning MSB3061: Die Datei ÔÇ×C:\Daten\Entwicklung\ClippyAI\ClippyAI\bin\Debug\net10.0-windows10.0.17763.0\Avalonia.Metal.dllÔÇ£ kann nicht gel├Âscht werden. Access to the path 'C:\Daten\Entwicklung\ClippyAI\ClippyAI\bin\Debug\net10.0-windows10.0.17763.0\Avalonia.Metal.dll' is denied. Die Datei wird durch ".NET Host (11900)" gesperrt. [C:\Daten\Entwicklung\ClippyAI\ClippyAI\ClippyAI.csproj]
C:\Program Files\dotnet\sdk\10.0.103\Microsoft.Common.CurrentVersion.targets(5937,5): warning MSB3061: Die Datei ÔÇ×C:\Daten\Entwicklung\ClippyAI\ClippyAI\bin\Debug\net10.0-windows10.0.17763.0\Avalonia.MicroCom.dllÔÇ£ kann nicht gel├Âscht werden. Access to the path 'C:\Daten\Entwicklung\ClippyAI\ClippyAI\bin\Debug\net10.0-windows10.0.17763.0\Avalonia.MicroCom.dll' is denied. Die Datei wird durch ".NET Host (11900)" gesperrt. [C:\Daten\Entwicklung\ClippyAI\ClippyAI\ClippyAI.csproj]
C:\Program Files\dotnet\sdk\10.0.103\Sdks\Microsoft.NET.Sdk\targets\Microsoft.NET.Sdk.targets(308,5): warning NETSDK1206: Versions- oder verteilungsspezifische Laufzeitbezeichner gefunden: win7-x64. Betroffene Bibliotheken: Packaging.Targets. In .NET 8.0 und h├Âher werden Ressourcen f├╝r versions- und verteilungsspezifische Laufzeitbezeichner standardm├ñ├ƒig nicht gefunden. Weitere Informationen finden Sie unter https://aka.ms/dotnet/rid-usage. [C:\Daten\Entwicklung\ClippyAI\ClippyAI\Libs\DesktopNotificationsNet8\DesktopNotifications\DesktopNotifications.csproj::TargetFramework=net10.0]
  DesktopNotifications -> C:\Daten\Entwicklung\ClippyAI\ClippyAI\Libs\DesktopNotificationsNet8\DesktopNotifications\bin\Debug\net10.0\DesktopNotifications.dll
C:\Program Files\dotnet\sdk\10.0.103\Sdks\Microsoft.NET.Sdk\targets\Microsoft.NET.Sdk.targets(308,5): warning NETSDK1206: Versions- oder verteilungsspezifische Laufzeitbezeichner gefunden: win7-x64. Betroffene Bibliotheken: Packaging.Targets. In .NET 8.0 und h├Âher werden Ressourcen f├╝r versions- und verteilungsspezifische Laufzeitbezeichner standardm├ñ├ƒig nicht gefunden. Weitere Informationen finden Sie unter https://aka.ms/dotnet/rid-usage. [C:\Daten\Entwicklung\ClippyAI\ClippyAI\Libs\DesktopNotificationsNet8\DesktopNotifications\DesktopNotifications.csproj::TargetFramework=net10.0-windows10.0.17763.0]
  DesktopNotifications -> C:\Daten\Entwicklung\ClippyAI\ClippyAI\Libs\DesktopNotificationsNet8\DesktopNotifications\bin\Debug\net10.0-windows10.0.17763.0\DesktopNotifications.dll
C:\Program Files\dotnet\sdk\10.0.103\Microsoft.Common.CurrentVersion.targets(5937,5): warning MSB3061: Die Datei ÔÇ×C:\Daten\Entwicklung\ClippyAI\ClippyAI\bin\Debug\net10.0-windows10.0.17763.0\Avalonia.OpenGL.dllÔÇ£ kann nicht gel├Âscht werden. Access to the path 'C:\Daten\Entwicklung\ClippyAI\ClippyAI\bin\Debug\net10.0-windows10.0.17763.0\Avalonia.OpenGL.dll' is denied. Die Datei wird durch "Visual Studio Debug Adapter for .NET (49188), .NET Host (11900)" gesperrt. [C:\Daten\Entwicklung\ClippyAI\ClippyAI\ClippyAI.csproj]
C:\Program Files\dotnet\sdk\10.0.103\Sdks\Microsoft.NET.Sdk\targets\Microsoft.NET.Sdk.targets(308,5): warning NETSDK1206: Versions- oder verteilungsspezifische Laufzeitbezeichner gefunden: win7-x64. Betroffene Bibliotheken: Packaging.Targets. In .NET 8.0 und h├Âher werden Ressourcen f├╝r versions- und verteilungsspezifische Laufzeitbezeichner standardm├ñ├ƒig nicht gefunden. Weitere Informationen finden Sie unter https://aka.ms/dotnet/rid-usage. [C:\Daten\Entwicklung\ClippyAI\ClippyAI\Libs\evdev-sharp\EvDevSharp\EvDevSharp.csproj]
  EvDevSharp -> C:\Daten\Entwicklung\ClippyAI\ClippyAI\Libs\evdev-sharp\EvDevSharp\bin\Debug\net10.0\EvDevSharp.dll
C:\Program Files\dotnet\sdk\10.0.103\Microsoft.Common.CurrentVersion.targets(5937,5): warning MSB3061: Die Datei ÔÇ×C:\Daten\Entwicklung\ClippyAI\ClippyAI\bin\Debug\net10.0-windows10.0.17763.0\Avalonia.Vulkan.dllÔÇ£ kann nicht gel├Âscht werden. Access to the path 'C:\Daten\Entwicklung\ClippyAI\ClippyAI\bin\Debug\net10.0-windows10.0.17763.0\Avalonia.Vulkan.dll' is denied. Die Datei wird durch "Visual Studio Debug Adapter for .NET (49188), .NET Host (11900)" gesperrt. [C:\Daten\Entwicklung\ClippyAI\ClippyAI\ClippyAI.csproj]
C:\Program Files\dotnet\sdk\10.0.103\Microsoft.Common.CurrentVersion.targets(5937,5): warning MSB3061: Die Datei ÔÇ×C:\Daten\Entwicklung\ClippyAI\ClippyAI\bin\Debug\net10.0-windows10.0.17763.0\Avalonia.Desktop.dllÔÇ£ kann nicht gel├Âscht werden. Access to the path 'C:\Daten\Entwicklung\ClippyAI\ClippyAI\bin\Debug\net10.0-windows10.0.17763.0\Avalonia.Desktop.dll' is denied. Die Datei wird durch ".NET Host (11900)" gesperrt. [C:\Daten\Entwicklung\ClippyAI\ClippyAI\ClippyAI.csproj]
C:\Program Files\dotnet\sdk\10.0.103\Microsoft.Common.CurrentVersion.targets(5937,5): warning MSB3061: Die Datei ÔÇ×C:\Daten\Entwicklung\ClippyAI\ClippyAI\bin\Debug\net10.0-windows10.0.17763.0\Avalonia.Diagnostics.dllÔÇ£ kann nicht gel├Âscht werden. Access to the path 'C:\Daten\Entwicklung\ClippyAI\ClippyAI\bin\Debug\net10.0-windows10.0.17763.0\Avalonia.Diagnostics.dll' is denied. Die Datei wird durch "Visual Studio Debug Adapter for .NET (49188), .NET Host (11900)" gesperrt. [C:\Daten\Entwicklung\ClippyAI\ClippyAI\ClippyAI.csproj]
C:\Program Files\dotnet\sdk\10.0.103\Microsoft.Common.CurrentVersion.targets(5937,5): warning MSB3061: Die Datei ÔÇ×C:\Daten\Entwicklung\ClippyAI\ClippyAI\bin\Debug\net10.0-windows10.0.17763.0\Avalonia.Fonts.Inter.dllÔÇ£ kann nicht gel├Âscht werden. Access to the path 'C:\Daten\Entwicklung\ClippyAI\ClippyAI\bin\Debug\net10.0-windows10.0.17763.0\Avalonia.Fonts.Inter.dll' is denied. Die Datei wird durch "Visual Studio Debug Adapter for .NET (49188), .NET Host (11900)" gesperrt. [C:\Daten\Entwicklung\ClippyAI\ClippyAI\ClippyAI.csproj]
C:\Program Files\dotnet\sdk\10.0.103\Microsoft.Common.CurrentVersion.targets(5937,5): warning MSB3061: Die Datei ÔÇ×C:\Daten\Entwicklung\ClippyAI\ClippyAI\bin\Debug\net10.0-windows10.0.17763.0\Avalonia.Skia.dllÔÇ£ kann nicht gel├Âscht werden. Access to the path 'C:\Daten\Entwicklung\ClippyAI\ClippyAI\bin\Debug\net10.0-windows10.0.17763.0\Avalonia.Skia.dll' is denied. Die Datei wird durch "Visual Studio Debug Adapter for .NET (49188), .NET Host (11900)" gesperrt. [C:\Daten\Entwicklung\ClippyAI\ClippyAI\ClippyAI.csproj]
C:\Program Files\dotnet\sdk\10.0.103\Microsoft.Common.CurrentVersion.targets(5937,5): warning MSB3061: Die Datei ÔÇ×C:\Daten\Entwicklung\ClippyAI\ClippyAI\bin\Debug\net10.0-windows10.0.17763.0\Avalonia.Themes.Fluent.dllÔÇ£ kann nicht gel├Âscht werden. Access to the path 'C:\Daten\Entwicklung\ClippyAI\ClippyAI\bin\Debug\net10.0-windows10.0.17763.0\Avalonia.Themes.Fluent.dll' is denied. Die Datei wird durch "Visual Studio Debug Adapter for .NET (49188), .NET Host (11900)" gesperrt. [C:\Daten\Entwicklung\ClippyAI\ClippyAI\ClippyAI.csproj]
C:\Program Files\dotnet\sdk\10.0.103\Microsoft.Common.CurrentVersion.targets(5937,5): warning MSB3061: Die Datei ÔÇ×C:\Daten\Entwicklung\ClippyAI\ClippyAI\bin\Debug\net10.0-windows10.0.17763.0\Avalonia.Win32.Automation.dllÔÇ£ kann nicht gel├Âscht werden. Access to the path 'C:\Daten\Entwicklung\ClippyAI\ClippyAI\bin\Debug\net10.0-windows10.0.17763.0\Avalonia.Win32.Automation.dll' is denied. Die Datei wird durch "Visual Studio Debug Adapter for .NET (49188), .NET Host (11900)" gesperrt. [C:\Daten\Entwicklung\ClippyAI\ClippyAI\ClippyAI.csproj]
C:\Program Files\dotnet\sdk\10.0.103\Sdks\Microsoft.NET.Sdk\targets\Microsoft.NET.Sdk.targets(308,5): warning NETSDK1206: Versions- oder verteilungsspezifische Laufzeitbezeichner gefunden: win7-x64. Betroffene Bibliotheken: Packaging.Targets. In .NET 8.0 und h├Âher werden Ressourcen f├╝r versions- und verteilungsspezifische Laufzeitbezeichner standardm├ñ├ƒig nicht gefunden. Weitere Informationen finden Sie unter https://aka.ms/dotnet/rid-usage. [C:\Daten\Entwicklung\ClippyAI\ClippyAI\Libs\DesktopNotificationsNet8\DesktopNotifications.FreeDesktop\DesktopNotifications.FreeDesktop.csproj::TargetFramework=net10.0]
  DesktopNotifications.FreeDesktop -> C:\Daten\Entwicklung\ClippyAI\ClippyAI\Libs\DesktopNotificationsNet8\DesktopNotifications.FreeDesktop\bin\Debug\net10.0\DesktopNotifications.FreeDesktop.dll
C:\Program Files\dotnet\sdk\10.0.103\Sdks\Microsoft.NET.Sdk\targets\Microsoft.NET.Sdk.targets(308,5): warning NETSDK1206: Versions- oder verteilungsspezifische Laufzeitbezeichner gefunden: win7-x64. Betroffene Bibliotheken: Packaging.Targets. In .NET 8.0 und h├Âher werden Ressourcen f├╝r versions- und verteilungsspezifische Laufzeitbezeichner standardm├ñ├ƒig nicht gefunden. Weitere Informationen finden Sie unter https://aka.ms/dotnet/rid-usage. [C:\Daten\Entwicklung\ClippyAI\ClippyAI\Libs\DesktopNotificationsNet8\DesktopNotifications.FreeDesktop\DesktopNotifications.FreeDesktop.csproj::TargetFramework=net10.0-windows10.0.17763.0]
  DesktopNotifications.FreeDesktop -> C:\Daten\Entwicklung\ClippyAI\ClippyAI\Libs\DesktopNotificationsNet8\DesktopNotifications.FreeDesktop\bin\Debug\net10.0-windows10.0.17763.0\DesktopNotifications.FreeDesktop.dll
C:\Program Files\dotnet\sdk\10.0.103\Sdks\Microsoft.NET.Sdk\targets\Microsoft.NET.Sdk.targets(308,5): warning NETSDK1206: Versions- oder verteilungsspezifische Laufzeitbezeichner gefunden: win7-x64. Betroffene Bibliotheken: Packaging.Targets. In .NET 8.0 und h├Âher werden Ressourcen f├╝r versions- und verteilungsspezifische Laufzeitbezeichner standardm├ñ├ƒig nicht gefunden. Weitere Informationen finden Sie unter https://aka.ms/dotnet/rid-usage. [C:\Daten\Entwicklung\ClippyAI\ClippyAI\Libs\DesktopNotificationsNet8\DesktopNotifications.Windows\DesktopNotifications.Windows.csproj]
  DesktopNotifications.Windows -> C:\Daten\Entwicklung\ClippyAI\ClippyAI\Libs\DesktopNotificationsNet8\DesktopNotifications.Windows\bin\Debug\net10.0-windows10.0.17763.0\DesktopNotifications.Windows.dll
C:\Program Files\dotnet\sdk\10.0.103\Microsoft.Common.CurrentVersion.targets(5937,5): warning MSB3061: Die Datei ÔÇ×C:\Daten\Entwicklung\ClippyAI\ClippyAI\bin\Debug\net10.0-windows10.0.17763.0\Avalonia.Win32.dllÔÇ£ kann nicht gel├Âscht werden. Access to the path 'C:\Daten\Entwicklung\ClippyAI\ClippyAI\bin\Debug\net10.0-windows10.0.17763.0\Avalonia.Win32.dll' is denied. Die Datei wird durch "Visual Studio Debug Adapter for .NET (49188), .NET Host (11900)" gesperrt. [C:\Daten\Entwicklung\ClippyAI\ClippyAI\ClippyAI.csproj]
C:\Program Files\dotnet\sdk\10.0.103\Microsoft.Common.CurrentVersion.targets(5937,5): warning MSB3061: Die Datei ÔÇ×C:\Daten\Entwicklung\ClippyAI\ClippyAI\bin\Debug\net10.0-windows10.0.17763.0\BouncyCastle.Cryptography.dllÔÇ£ kann nicht gel├Âscht werden. Access to the path 'C:\Daten\Entwicklung\ClippyAI\ClippyAI\bin\Debug\net10.0-windows10.0.17763.0\BouncyCastle.Cryptography.dll' is denied. Die Datei wird durch "Visual Studio Debug Adapter for .NET (49188), .NET Host (11900)" gesperrt. [C:\Daten\Entwicklung\ClippyAI\ClippyAI\ClippyAI.csproj]
C:\Program Files\dotnet\sdk\10.0.103\Microsoft.Common.CurrentVersion.targets(5937,5): warning MSB3061: Die Datei ÔÇ×C:\Daten\Entwicklung\ClippyAI\ClippyAI\bin\Debug\net10.0-windows10.0.17763.0\CommunityToolkit.Mvvm.dllÔÇ£ kann nicht gel├Âscht werden. Access to the path 'C:\Daten\Entwicklung\ClippyAI\ClippyAI\bin\Debug\net10.0-windows10.0.17763.0\CommunityToolkit.Mvvm.dll' is denied. Die Datei wird durch "Visual Studio Debug Adapter for .NET (49188), .NET Host (11900)" gesperrt. [C:\Daten\Entwicklung\ClippyAI\ClippyAI\ClippyAI.csproj]
C:\Program Files\dotnet\sdk\10.0.103\Microsoft.Common.CurrentVersion.targets(5937,5): warning MSB3061: Die Datei ÔÇ×C:\Daten\Entwicklung\ClippyAI\ClippyAI\bin\Debug\net10.0-windows10.0.17763.0\DirectShowLib.dllÔÇ£ kann nicht gel├Âscht werden. Access to the path 'C:\Daten\Entwicklung\ClippyAI\ClippyAI\bin\Debug\net10.0-windows10.0.17763.0\DirectShowLib.dll' is denied. Die Datei wird durch "Visual Studio Debug Adapter for .NET (49188), .NET Host (11900)" gesperrt. [C:\Daten\Entwicklung\ClippyAI\ClippyAI\ClippyAI.csproj]
C:\Program Files\dotnet\sdk\10.0.103\Microsoft.Common.CurrentVersion.targets(5937,5): warning MSB3061: Die Datei ÔÇ×C:\Daten\Entwicklung\ClippyAI\ClippyAI\bin\Debug\net10.0-windows10.0.17763.0\HarfBuzzSharp.dllÔÇ£ kann nicht gel├Âscht werden. Access to the path 'C:\Daten\Entwicklung\ClippyAI\ClippyAI\bin\Debug\net10.0-windows10.0.17763.0\HarfBuzzSharp.dll' is denied. Die Datei wird durch "Visual Studio Debug Adapter for .NET (49188), .NET Host (11900)" gesperrt. [C:\Daten\Entwicklung\ClippyAI\ClippyAI\ClippyAI.csproj]
C:\Program Files\dotnet\sdk\10.0.103\Microsoft.Common.CurrentVersion.targets(5937,5): warning MSB3061: Die Datei ÔÇ×C:\Daten\Entwicklung\ClippyAI\ClippyAI\bin\Debug\net10.0-windows10.0.17763.0\MicroCom.Runtime.dllÔÇ£ kann nicht gel├Âscht werden. Access to the path 'C:\Daten\Entwicklung\ClippyAI\ClippyAI\bin\Debug\net10.0-windows10.0.17763.0\MicroCom.Runtime.dll' is denied. Die Datei wird durch "dotnet.exe (11900)" gesperrt. [C:\Daten\Entwicklung\ClippyAI\ClippyAI\ClippyAI.csproj]
C:\Program Files\dotnet\sdk\10.0.103\Microsoft.Common.CurrentVersion.targets(5937,5): warning MSB3061: Die Datei ÔÇ×C:\Daten\Entwicklung\ClippyAI\ClippyAI\bin\Debug\net10.0-windows10.0.17763.0\Microsoft.Data.Sqlite.dllÔÇ£ kann nicht gel├Âscht werden. Access to the path 'C:\Daten\Entwicklung\ClippyAI\ClippyAI\bin\Debug\net10.0-windows10.0.17763.0\Microsoft.Data.Sqlite.dll' is denied. Die Datei wird durch "Visual Studio Debug Adapter for .NET (49188)" gesperrt. [C:\Daten\Entwicklung\ClippyAI\ClippyAI\ClippyAI.csproj]
C:\Program Files\dotnet\sdk\10.0.103\Microsoft.Common.CurrentVersion.targets(5937,5): warning MSB3061: Die Datei ÔÇ×C:\Daten\Entwicklung\ClippyAI\ClippyAI\bin\Debug\net10.0-windows10.0.17763.0\Npgsql.dllÔÇ£ kann nicht gel├Âscht werden. Access to the path 'C:\Daten\Entwicklung\ClippyAI\ClippyAI\bin\Debug\net10.0-windows10.0.17763.0\Npgsql.dll' is denied. Die Datei wird durch "Visual Studio Debug Adapter for .NET (49188), dotnet.exe (11900)" gesperrt. [C:\Daten\Entwicklung\ClippyAI\ClippyAI\ClippyAI.csproj]
C:\Program Files\dotnet\sdk\10.0.103\Sdks\Microsoft.NET.Sdk\targets\Microsoft.NET.Sdk.targets(308,5): warning NETSDK1206: Versions- oder verteilungsspezifische Laufzeitbezeichner gefunden: win7-x64. Betroffene Bibliotheken: Packaging.Targets. In .NET 8.0 und h├Âher werden Ressourcen f├╝r versions- und verteilungsspezifische Laufzeitbezeichner standardm├ñ├ƒig nicht gefunden. Weitere Informationen finden Sie unter https://aka.ms/dotnet/rid-usage. [C:\Daten\Entwicklung\ClippyAI\ClippyAI\Libs\DesktopNotificationsNet8\DesktopNotifications.Avalonia\DesktopNotifications.Avalonia.csproj]
  DesktopNotifications.Avalonia -> C:\Daten\Entwicklung\ClippyAI\ClippyAI\Libs\DesktopNotificationsNet8\DesktopNotifications.Avalonia\bin\Debug\net10.0-windows10.0.17763.0\DesktopNotifications.Avalonia.dll
C:\Daten\Entwicklung\ClippyAI\ClippyAI\ClippyAI.csproj : warning NU1510: PackageReference System.Configuration.ConfigurationManager will not be pruned. Consider removing this package from your dependencies, as it is likely unnecessary.
C:\Daten\Entwicklung\ClippyAI\ClippyAI\ViewModels\ConfigurationDialogViewModel.cs(14,7): warning CS0105: Die using-Direktive f├╝r "DirectShowLib" ist bereits vorher in diesem Namespace aufgetreten. [C:\Daten\Entwicklung\ClippyAI\ClippyAI\ClippyAI.csproj]
C:\Daten\Entwicklung\ClippyAI\ClippyAI\App.axaml.cs(18,24): warning CS0108: "App.Current" blendet den vererbten Member "Application.Current" aus. Verwenden Sie das new-Schl├╝sselwort, wenn das Ausblenden vorgesehen war. [C:\Daten\Entwicklung\ClippyAI\ClippyAI\ClippyAI.csproj]
C:\Daten\Entwicklung\ClippyAI\ClippyAI\Services\ClipboardService.cs(41,34): warning CS0618: "IClipboard.GetFormatsAsync()" ist veraltet: "Use GetDataFormatsAsync instead." [C:\Daten\Entwicklung\ClippyAI\ClippyAI\ClippyAI.csproj]
C:\Daten\Entwicklung\ClippyAI\ClippyAI\Services\ClipboardService.cs(85,22): warning CS0618: "IClipboard.GetTextAsync()" ist veraltet: "Use ClipboardExtensions.TryGetTextAsync instead" [C:\Daten\Entwicklung\ClippyAI\ClippyAI\ClippyAI.csproj]
C:\Daten\Entwicklung\ClippyAI\ClippyAI\Services\ClipboardService.cs(104,26): warning CS0618: "IClipboard.GetDataAsync(string)" ist veraltet: "Use TryGetDataAsync instead." [C:\Daten\Entwicklung\ClippyAI\ClippyAI\ClippyAI.csproj]
C:\Daten\Entwicklung\ClippyAI\ClippyAI\Services\ClipboardService.cs(105,24): warning CS0618: "IClipboard.GetDataAsync(string)" ist veraltet: "Use TryGetDataAsync instead." [C:\Daten\Entwicklung\ClippyAI\ClippyAI\ClippyAI.csproj]
C:\Daten\Entwicklung\ClippyAI\ClippyAI\Services\ClipboardService.cs(106,24): warning CS0618: "IClipboard.GetDataAsync(string)" ist veraltet: "Use TryGetDataAsync instead." [C:\Daten\Entwicklung\ClippyAI\ClippyAI\ClippyAI.csproj]
C:\Daten\Entwicklung\ClippyAI\ClippyAI\Services\ClipboardService.cs(107,24): warning CS0618: "IClipboard.GetDataAsync(string)" ist veraltet: "Use TryGetDataAsync instead." [C:\Daten\Entwicklung\ClippyAI\ClippyAI\ClippyAI.csproj]
C:\Daten\Entwicklung\ClippyAI\ClippyAI\Services\ClipboardService.cs(108,24): warning CS0618: "IClipboard.GetDataAsync(string)" ist veraltet: "Use TryGetDataAsync instead." [C:\Daten\Entwicklung\ClippyAI\ClippyAI\ClippyAI.csproj]
C:\Daten\Entwicklung\ClippyAI\ClippyAI\Services\ClipboardService.cs(109,24): warning CS0618: "IClipboard.GetDataAsync(string)" ist veraltet: "Use TryGetDataAsync instead." [C:\Daten\Entwicklung\ClippyAI\ClippyAI\ClippyAI.csproj]
C:\Daten\Entwicklung\ClippyAI\ClippyAI\Services\ClipboardService.cs(110,24): warning CS0618: "IClipboard.GetDataAsync(string)" ist veraltet: "Use TryGetDataAsync instead." [C:\Daten\Entwicklung\ClippyAI\ClippyAI\ClippyAI.csproj]
C:\Daten\Entwicklung\ClippyAI\ClippyAI\Services\ClipboardService.cs(111,24): warning CS0618: "IClipboard.GetDataAsync(string)" ist veraltet: "Use TryGetDataAsync instead." [C:\Daten\Entwicklung\ClippyAI\ClippyAI\ClippyAI.csproj]
C:\Daten\Entwicklung\ClippyAI\ClippyAI\Services\ClipboardService.cs(112,24): warning CS0618: "IClipboard.GetDataAsync(string)" ist veraltet: "Use TryGetDataAsync instead." [C:\Daten\Entwicklung\ClippyAI\ClippyAI\ClippyAI.csproj]
C:\Daten\Entwicklung\ClippyAI\ClippyAI\Services\ClipboardService.cs(113,24): warning CS0618: "IClipboard.GetDataAsync(string)" ist veraltet: "Use TryGetDataAsync instead." [C:\Daten\Entwicklung\ClippyAI\ClippyAI\ClippyAI.csproj]
C:\Daten\Entwicklung\ClippyAI\ClippyAI\Services\ClipboardService.cs(114,24): warning CS0618: "IClipboard.GetDataAsync(string)" ist veraltet: "Use TryGetDataAsync instead." [C:\Daten\Entwicklung\ClippyAI\ClippyAI\ClippyAI.csproj]
C:\Program Files\dotnet\sdk\10.0.103\Sdks\Microsoft.NET.Sdk\targets\Microsoft.NET.Sdk.targets(308,5): warning NETSDK1206: Versions- oder verteilungsspezifische Laufzeitbezeichner gefunden: ubuntu-x64, win7-x64. Betroffene Bibliotheken: Emgu.CV.runtime.mini.ubuntu-x64, Packaging.Targets. In .NET 8.0 und h├Âher werden Ressourcen f├╝r versions- und verteilungsspezifische Laufzeitbezeichner standardm├ñ├ƒig nicht gefunden. Weitere Informationen finden Sie unter https://aka.ms/dotnet/rid-usage. [C:\Daten\Entwicklung\ClippyAI\ClippyAI\ClippyAI.csproj]
  ClippyAI -> C:\Daten\Entwicklung\ClippyAI\ClippyAI\bin\Debug\net10.0-windows10.0.17763.0\ClippyAI.dll

Der Buildvorgang wurde erfolgreich ausgef├╝hrt.

C:\Daten\Entwicklung\ClippyAI\ClippyAI\ClippyAI.csproj : warning NU1510: PackageReference System.Configuration.ConfigurationManager will not be pruned. Consider removing this package from your dependencies, as it is likely unnecessary. [C:\Daten\Entwicklung\ClippyAI\ClippyAI.sln]
C:\Program Files\dotnet\sdk\10.0.103\Microsoft.Common.CurrentVersion.targets(5937,5): warning MSB3061: Die Datei ÔÇ×C:\Daten\Entwicklung\ClippyAI\ClippyAI\bin\Debug\net10.0-windows10.0.17763.0\ClippyAI.dllÔÇ£ kann nicht gel├Âscht werden. Access to the path 'C:\Daten\Entwicklung\ClippyAI\ClippyAI\bin\Debug\net10.0-windows10.0.17763.0\ClippyAI.dll' is denied. Die Datei wird durch "Visual Studio Debug Adapter for .NET (49188), .NET Host (11900)" gesperrt. [C:\Daten\Entwicklung\ClippyAI\ClippyAI\ClippyAI.csproj]
C:\Program Files\dotnet\sdk\10.0.103\Microsoft.Common.CurrentVersion.targets(5937,5): warning MSB3061: Die Datei ÔÇ×C:\Daten\Entwicklung\ClippyAI\ClippyAI\bin\Debug\net10.0-windows10.0.17763.0\de-DE\ClippyAI.resources.dllÔÇ£ kann nicht gel├Âscht werden. Access to the path 'C:\Daten\Entwicklung\ClippyAI\ClippyAI\bin\Debug\net10.0-windows10.0.17763.0\de-DE\ClippyAI.resources.dll' is denied. Die Datei wird durch ".NET Host (11900)" gesperrt. [C:\Daten\Entwicklung\ClippyAI\ClippyAI\ClippyAI.csproj]
C:\Program Files\dotnet\sdk\10.0.103\Microsoft.Common.CurrentVersion.targets(5937,5): warning MSB3061: Die Datei ÔÇ×C:\Daten\Entwicklung\ClippyAI\ClippyAI\bin\Debug\net10.0-windows10.0.17763.0\Avalonia.Base.dllÔÇ£ kann nicht gel├Âscht werden. Access to the path 'C:\Daten\Entwicklung\ClippyAI\ClippyAI\bin\Debug\net10.0-windows10.0.17763.0\Avalonia.Base.dll' is denied. Die Datei wird durch "Visual Studio Debug Adapter for .NET (49188), .NET Host (11900)" gesperrt. [C:\Daten\Entwicklung\ClippyAI\ClippyAI\ClippyAI.csproj]
C:\Program Files\dotnet\sdk\10.0.103\Microsoft.Common.CurrentVersion.targets(5937,5): warning MSB3061: Die Datei ÔÇ×C:\Daten\Entwicklung\ClippyAI\ClippyAI\bin\Debug\net10.0-windows10.0.17763.0\Avalonia.Controls.dllÔÇ£ kann nicht gel├Âscht werden. Access to the path 'C:\Daten\Entwicklung\ClippyAI\ClippyAI\bin\Debug\net10.0-windows10.0.17763.0\Avalonia.Controls.dll' is denied. Die Datei wird durch "Visual Studio Debug Adapter for .NET (49188), .NET Host (11900)" gesperrt. [C:\Daten\Entwicklung\ClippyAI\ClippyAI\ClippyAI.csproj]
C:\Program Files\dotnet\sdk\10.0.103\Microsoft.Common.CurrentVersion.targets(5937,5): warning MSB3061: Die Datei ÔÇ×C:\Daten\Entwicklung\ClippyAI\ClippyAI\bin\Debug\net10.0-windows10.0.17763.0\Avalonia.Dialogs.dllÔÇ£ kann nicht gel├Âscht werden. Access to the path 'C:\Daten\Entwicklung\ClippyAI\ClippyAI\bin\Debug\net10.0-windows10.0.17763.0\Avalonia.Dialogs.dll' is denied. Die Datei wird durch "Visual Studio Debug Adapter for .NET (49188), .NET Host (11900)" gesperrt. [C:\Daten\Entwicklung\ClippyAI\ClippyAI\ClippyAI.csproj]
C:\Program Files\dotnet\sdk\10.0.103\Microsoft.Common.CurrentVersion.targets(5937,5): warning MSB3061: Die Datei ÔÇ×C:\Daten\Entwicklung\ClippyAI\ClippyAI\bin\Debug\net10.0-windows10.0.17763.0\Avalonia.Markup.Xaml.dllÔÇ£ kann nicht gel├Âscht werden. Access to the path 'C:\Daten\Entwicklung\ClippyAI\ClippyAI\bin\Debug\net10.0-windows10.0.17763.0\Avalonia.Markup.Xaml.dll' is denied. Die Datei wird durch "Visual Studio Debug Adapter for .NET (49188), .NET Host (11900)" gesperrt. [C:\Daten\Entwicklung\ClippyAI\ClippyAI\ClippyAI.csproj]
C:\Program Files\dotnet\sdk\10.0.103\Microsoft.Common.CurrentVersion.targets(5937,5): warning MSB3061: Die Datei ÔÇ×C:\Daten\Entwicklung\ClippyAI\ClippyAI\bin\Debug\net10.0-windows10.0.17763.0\Avalonia.Markup.dllÔÇ£ kann nicht gel├Âscht werden. Access to the path 'C:\Daten\Entwicklung\ClippyAI\ClippyAI\bin\Debug\net10.0-windows10.0.17763.0\Avalonia.Markup.dll' is denied. Die Datei wird durch ".NET Host (11900)" gesperrt. [C:\Daten\Entwicklung\ClippyAI\ClippyAI\ClippyAI.csproj]
C:\Program Files\dotnet\sdk\10.0.103\Microsoft.Common.CurrentVersion.targets(5937,5): warning MSB3061: Die Datei ÔÇ×C:\Daten\Entwicklung\ClippyAI\ClippyAI\bin\Debug\net10.0-windows10.0.17763.0\Avalonia.Metal.dllÔÇ£ kann nicht gel├Âscht werden. Access to the path 'C:\Daten\Entwicklung\ClippyAI\ClippyAI\bin\Debug\net10.0-windows10.0.17763.0\Avalonia.Metal.dll' is denied. Die Datei wird durch ".NET Host (11900)" gesperrt. [C:\Daten\Entwicklung\ClippyAI\ClippyAI\ClippyAI.csproj]
C:\Program Files\dotnet\sdk\10.0.103\Microsoft.Common.CurrentVersion.targets(5937,5): warning MSB3061: Die Datei ÔÇ×C:\Daten\Entwicklung\ClippyAI\ClippyAI\bin\Debug\net10.0-windows10.0.17763.0\Avalonia.MicroCom.dllÔÇ£ kann nicht gel├Âscht werden. Access to the path 'C:\Daten\Entwicklung\ClippyAI\ClippyAI\bin\Debug\net10.0-windows10.0.17763.0\Avalonia.MicroCom.dll' is denied. Die Datei wird durch ".NET Host (11900)" gesperrt. [C:\Daten\Entwicklung\ClippyAI\ClippyAI\ClippyAI.csproj]
C:\Program Files\dotnet\sdk\10.0.103\Sdks\Microsoft.NET.Sdk\targets\Microsoft.NET.Sdk.targets(308,5): warning NETSDK1206: Versions- oder verteilungsspezifische Laufzeitbezeichner gefunden: win7-x64. Betroffene Bibliotheken: Packaging.Targets. In .NET 8.0 und h├Âher werden Ressourcen f├╝r versions- und verteilungsspezifische Laufzeitbezeichner standardm├ñ├ƒig nicht gefunden. Weitere Informationen finden Sie unter https://aka.ms/dotnet/rid-usage. [C:\Daten\Entwicklung\ClippyAI\ClippyAI\Libs\DesktopNotificationsNet8\DesktopNotifications\DesktopNotifications.csproj::TargetFramework=net10.0]
C:\Program Files\dotnet\sdk\10.0.103\Sdks\Microsoft.NET.Sdk\targets\Microsoft.NET.Sdk.targets(308,5): warning NETSDK1206: Versions- oder verteilungsspezifische Laufzeitbezeichner gefunden: win7-x64. Betroffene Bibliotheken: Packaging.Targets. In .NET 8.0 und h├Âher werden Ressourcen f├╝r versions- und verteilungsspezifische Laufzeitbezeichner standardm├ñ├ƒig nicht gefunden. Weitere Informationen finden Sie unter https://aka.ms/dotnet/rid-usage. [C:\Daten\Entwicklung\ClippyAI\ClippyAI\Libs\DesktopNotificationsNet8\DesktopNotifications\DesktopNotifications.csproj::TargetFramework=net10.0-windows10.0.17763.0]
C:\Program Files\dotnet\sdk\10.0.103\Microsoft.Common.CurrentVersion.targets(5937,5): warning MSB3061: Die Datei ÔÇ×C:\Daten\Entwicklung\ClippyAI\ClippyAI\bin\Debug\net10.0-windows10.0.17763.0\Avalonia.OpenGL.dllÔÇ£ kann nicht gel├Âscht werden. Access to the path 'C:\Daten\Entwicklung\ClippyAI\ClippyAI\bin\Debug\net10.0-windows10.0.17763.0\Avalonia.OpenGL.dll' is denied. Die Datei wird durch "Visual Studio Debug Adapter for .NET (49188), .NET Host (11900)" gesperrt. [C:\Daten\Entwicklung\ClippyAI\ClippyAI\ClippyAI.csproj]
C:\Program Files\dotnet\sdk\10.0.103\Sdks\Microsoft.NET.Sdk\targets\Microsoft.NET.Sdk.targets(308,5): warning NETSDK1206: Versions- oder verteilungsspezifische Laufzeitbezeichner gefunden: win7-x64. Betroffene Bibliotheken: Packaging.Targets. In .NET 8.0 und h├Âher werden Ressourcen f├╝r versions- und verteilungsspezifische Laufzeitbezeichner standardm├ñ├ƒig nicht gefunden. Weitere Informationen finden Sie unter https://aka.ms/dotnet/rid-usage. [C:\Daten\Entwicklung\ClippyAI\ClippyAI\Libs\evdev-sharp\EvDevSharp\EvDevSharp.csproj]
C:\Program Files\dotnet\sdk\10.0.103\Microsoft.Common.CurrentVersion.targets(5937,5): warning MSB3061: Die Datei ÔÇ×C:\Daten\Entwicklung\ClippyAI\ClippyAI\bin\Debug\net10.0-windows10.0.17763.0\Avalonia.Vulkan.dllÔÇ£ kann nicht gel├Âscht werden. Access to the path 'C:\Daten\Entwicklung\ClippyAI\ClippyAI\bin\Debug\net10.0-windows10.0.17763.0\Avalonia.Vulkan.dll' is denied. Die Datei wird durch "Visual Studio Debug Adapter for .NET (49188), .NET Host (11900)" gesperrt. [C:\Daten\Entwicklung\ClippyAI\ClippyAI\ClippyAI.csproj]
C:\Program Files\dotnet\sdk\10.0.103\Microsoft.Common.CurrentVersion.targets(5937,5): warning MSB3061: Die Datei ÔÇ×C:\Daten\Entwicklung\ClippyAI\ClippyAI\bin\Debug\net10.0-windows10.0.17763.0\Avalonia.Desktop.dllÔÇ£ kann nicht gel├Âscht werden. Access to the path 'C:\Daten\Entwicklung\ClippyAI\ClippyAI\bin\Debug\net10.0-windows10.0.17763.0\Avalonia.Desktop.dll' is denied. Die Datei wird durch ".NET Host (11900)" gesperrt. [C:\Daten\Entwicklung\ClippyAI\ClippyAI\ClippyAI.csproj]
C:\Program Files\dotnet\sdk\10.0.103\Microsoft.Common.CurrentVersion.targets(5937,5): warning MSB3061: Die Datei ÔÇ×C:\Daten\Entwicklung\ClippyAI\ClippyAI\bin\Debug\net10.0-windows10.0.17763.0\Avalonia.Diagnostics.dllÔÇ£ kann nicht gel├Âscht werden. Access to the path 'C:\Daten\Entwicklung\ClippyAI\ClippyAI\bin\Debug\net10.0-windows10.0.17763.0\Avalonia.Diagnostics.dll' is denied. Die Datei wird durch "Visual Studio Debug Adapter for .NET (49188), .NET Host (11900)" gesperrt. [C:\Daten\Entwicklung\ClippyAI\ClippyAI\ClippyAI.csproj]
C:\Program Files\dotnet\sdk\10.0.103\Microsoft.Common.CurrentVersion.targets(5937,5): warning MSB3061: Die Datei ÔÇ×C:\Daten\Entwicklung\ClippyAI\ClippyAI\bin\Debug\net10.0-windows10.0.17763.0\Avalonia.Fonts.Inter.dllÔÇ£ kann nicht gel├Âscht werden. Access to the path 'C:\Daten\Entwicklung\ClippyAI\ClippyAI\bin\Debug\net10.0-windows10.0.17763.0\Avalonia.Fonts.Inter.dll' is denied. Die Datei wird durch "Visual Studio Debug Adapter for .NET (49188), .NET Host (11900)" gesperrt. [C:\Daten\Entwicklung\ClippyAI\ClippyAI\ClippyAI.csproj]
C:\Program Files\dotnet\sdk\10.0.103\Microsoft.Common.CurrentVersion.targets(5937,5): warning MSB3061: Die Datei ÔÇ×C:\Daten\Entwicklung\ClippyAI\ClippyAI\bin\Debug\net10.0-windows10.0.17763.0\Avalonia.Skia.dllÔÇ£ kann nicht gel├Âscht werden. Access to the path 'C:\Daten\Entwicklung\ClippyAI\ClippyAI\bin\Debug\net10.0-windows10.0.17763.0\Avalonia.Skia.dll' is denied. Die Datei wird durch "Visual Studio Debug Adapter for .NET (49188), .NET Host (11900)" gesperrt. [C:\Daten\Entwicklung\ClippyAI\ClippyAI\ClippyAI.csproj]
C:\Program Files\dotnet\sdk\10.0.103\Microsoft.Common.CurrentVersion.targets(5937,5): warning MSB3061: Die Datei ÔÇ×C:\Daten\Entwicklung\ClippyAI\ClippyAI\bin\Debug\net10.0-windows10.0.17763.0\Avalonia.Themes.Fluent.dllÔÇ£ kann nicht gel├Âscht werden. Access to the path 'C:\Daten\Entwicklung\ClippyAI\ClippyAI\bin\Debug\net10.0-windows10.0.17763.0\Avalonia.Themes.Fluent.dll' is denied. Die Datei wird durch "Visual Studio Debug Adapter for .NET (49188), .NET Host (11900)" gesperrt. [C:\Daten\Entwicklung\ClippyAI\ClippyAI\ClippyAI.csproj]
C:\Program Files\dotnet\sdk\10.0.103\Microsoft.Common.CurrentVersion.targets(5937,5): warning MSB3061: Die Datei ÔÇ×C:\Daten\Entwicklung\ClippyAI\ClippyAI\bin\Debug\net10.0-windows10.0.17763.0\Avalonia.Win32.Automation.dllÔÇ£ kann nicht gel├Âscht werden. Access to the path 'C:\Daten\Entwicklung\ClippyAI\ClippyAI\bin\Debug\net10.0-windows10.0.17763.0\Avalonia.Win32.Automation.dll' is denied. Die Datei wird durch "Visual Studio Debug Adapter for .NET (49188), .NET Host (11900)" gesperrt. [C:\Daten\Entwicklung\ClippyAI\ClippyAI\ClippyAI.csproj]
C:\Program Files\dotnet\sdk\10.0.103\Sdks\Microsoft.NET.Sdk\targets\Microsoft.NET.Sdk.targets(308,5): warning NETSDK1206: Versions- oder verteilungsspezifische Laufzeitbezeichner gefunden: win7-x64. Betroffene Bibliotheken: Packaging.Targets. In .NET 8.0 und h├Âher werden Ressourcen f├╝r versions- und verteilungsspezifische Laufzeitbezeichner standardm├ñ├ƒig nicht gefunden. Weitere Informationen finden Sie unter https://aka.ms/dotnet/rid-usage. [C:\Daten\Entwicklung\ClippyAI\ClippyAI\Libs\DesktopNotificationsNet8\DesktopNotifications.FreeDesktop\DesktopNotifications.FreeDesktop.csproj::TargetFramework=net10.0]
C:\Program Files\dotnet\sdk\10.0.103\Sdks\Microsoft.NET.Sdk\targets\Microsoft.NET.Sdk.targets(308,5): warning NETSDK1206: Versions- oder verteilungsspezifische Laufzeitbezeichner gefunden: win7-x64. Betroffene Bibliotheken: Packaging.Targets. In .NET 8.0 und h├Âher werden Ressourcen f├╝r versions- und verteilungsspezifische Laufzeitbezeichner standardm├ñ├ƒig nicht gefunden. Weitere Informationen finden Sie unter https://aka.ms/dotnet/rid-usage. [C:\Daten\Entwicklung\ClippyAI\ClippyAI\Libs\DesktopNotificationsNet8\DesktopNotifications.FreeDesktop\DesktopNotifications.FreeDesktop.csproj::TargetFramework=net10.0-windows10.0.17763.0]
C:\Program Files\dotnet\sdk\10.0.103\Sdks\Microsoft.NET.Sdk\targets\Microsoft.NET.Sdk.targets(308,5): warning NETSDK1206: Versions- oder verteilungsspezifische Laufzeitbezeichner gefunden: win7-x64. Betroffene Bibliotheken: Packaging.Targets. In .NET 8.0 und h├Âher werden Ressourcen f├╝r versions- und verteilungsspezifische Laufzeitbezeichner standardm├ñ├ƒig nicht gefunden. Weitere Informationen finden Sie unter https://aka.ms/dotnet/rid-usage. [C:\Daten\Entwicklung\ClippyAI\ClippyAI\Libs\DesktopNotificationsNet8\DesktopNotifications.Windows\DesktopNotifications.Windows.csproj]
C:\Program Files\dotnet\sdk\10.0.103\Microsoft.Common.CurrentVersion.targets(5937,5): warning MSB3061: Die Datei ÔÇ×C:\Daten\Entwicklung\ClippyAI\ClippyAI\bin\Debug\net10.0-windows10.0.17763.0\Avalonia.Win32.dllÔÇ£ kann nicht gel├Âscht werden. Access to the path 'C:\Daten\Entwicklung\ClippyAI\ClippyAI\bin\Debug\net10.0-windows10.0.17763.0\Avalonia.Win32.dll' is denied. Die Datei wird durch "Visual Studio Debug Adapter for .NET (49188), .NET Host (11900)" gesperrt. [C:\Daten\Entwicklung\ClippyAI\ClippyAI\ClippyAI.csproj]
C:\Program Files\dotnet\sdk\10.0.103\Microsoft.Common.CurrentVersion.targets(5937,5): warning MSB3061: Die Datei ÔÇ×C:\Daten\Entwicklung\ClippyAI\ClippyAI\bin\Debug\net10.0-windows10.0.17763.0\BouncyCastle.Cryptography.dllÔÇ£ kann nicht gel├Âscht werden. Access to the path 'C:\Daten\Entwicklung\ClippyAI\ClippyAI\bin\Debug\net10.0-windows10.0.17763.0\BouncyCastle.Cryptography.dll' is denied. Die Datei wird durch "Visual Studio Debug Adapter for .NET (49188), .NET Host (11900)" gesperrt. [C:\Daten\Entwicklung\ClippyAI\ClippyAI\ClippyAI.csproj]
C:\Program Files\dotnet\sdk\10.0.103\Microsoft.Common.CurrentVersion.targets(5937,5): warning MSB3061: Die Datei ÔÇ×C:\Daten\Entwicklung\ClippyAI\ClippyAI\bin\Debug\net10.0-windows10.0.17763.0\CommunityToolkit.Mvvm.dllÔÇ£ kann nicht gel├Âscht werden. Access to the path 'C:\Daten\Entwicklung\ClippyAI\ClippyAI\bin\Debug\net10.0-windows10.0.17763.0\CommunityToolkit.Mvvm.dll' is denied. Die Datei wird durch "Visual Studio Debug Adapter for .NET (49188), .NET Host (11900)" gesperrt. [C:\Daten\Entwicklung\ClippyAI\ClippyAI\ClippyAI.csproj]
C:\Program Files\dotnet\sdk\10.0.103\Microsoft.Common.CurrentVersion.targets(5937,5): warning MSB3061: Die Datei ÔÇ×C:\Daten\Entwicklung\ClippyAI\ClippyAI\bin\Debug\net10.0-windows10.0.17763.0\DirectShowLib.dllÔÇ£ kann nicht gel├Âscht werden. Access to the path 'C:\Daten\Entwicklung\ClippyAI\ClippyAI\bin\Debug\net10.0-windows10.0.17763.0\DirectShowLib.dll' is denied. Die Datei wird durch "Visual Studio Debug Adapter for .NET (49188), .NET Host (11900)" gesperrt. [C:\Daten\Entwicklung\ClippyAI\ClippyAI\ClippyAI.csproj]
C:\Program Files\dotnet\sdk\10.0.103\Microsoft.Common.CurrentVersion.targets(5937,5): warning MSB3061: Die Datei ÔÇ×C:\Daten\Entwicklung\ClippyAI\ClippyAI\bin\Debug\net10.0-windows10.0.17763.0\HarfBuzzSharp.dllÔÇ£ kann nicht gel├Âscht werden. Access to the path 'C:\Daten\Entwicklung\ClippyAI\ClippyAI\bin\Debug\net10.0-windows10.0.17763.0\HarfBuzzSharp.dll' is denied. Die Datei wird durch "Visual Studio Debug Adapter for .NET (49188), .NET Host (11900)" gesperrt. [C:\Daten\Entwicklung\ClippyAI\ClippyAI\ClippyAI.csproj]
C:\Program Files\dotnet\sdk\10.0.103\Microsoft.Common.CurrentVersion.targets(5937,5): warning MSB3061: Die Datei ÔÇ×C:\Daten\Entwicklung\ClippyAI\ClippyAI\bin\Debug\net10.0-windows10.0.17763.0\MicroCom.Runtime.dllÔÇ£ kann nicht gel├Âscht werden. Access to the path 'C:\Daten\Entwicklung\ClippyAI\ClippyAI\bin\Debug\net10.0-windows10.0.17763.0\MicroCom.Runtime.dll' is denied. Die Datei wird durch "dotnet.exe (11900)" gesperrt. [C:\Daten\Entwicklung\ClippyAI\ClippyAI\ClippyAI.csproj]
C:\Program Files\dotnet\sdk\10.0.103\Microsoft.Common.CurrentVersion.targets(5937,5): warning MSB3061: Die Datei ÔÇ×C:\Daten\Entwicklung\ClippyAI\ClippyAI\bin\Debug\net10.0-windows10.0.17763.0\Microsoft.Data.Sqlite.dllÔÇ£ kann nicht gel├Âscht werden. Access to the path 'C:\Daten\Entwicklung\ClippyAI\ClippyAI\bin\Debug\net10.0-windows10.0.17763.0\Microsoft.Data.Sqlite.dll' is denied. Die Datei wird durch "Visual Studio Debug Adapter for .NET (49188)" gesperrt. [C:\Daten\Entwicklung\ClippyAI\ClippyAI\ClippyAI.csproj]
C:\Program Files\dotnet\sdk\10.0.103\Microsoft.Common.CurrentVersion.targets(5937,5): warning MSB3061: Die Datei ÔÇ×C:\Daten\Entwicklung\ClippyAI\ClippyAI\bin\Debug\net10.0-windows10.0.17763.0\Npgsql.dllÔÇ£ kann nicht gel├Âscht werden. Access to the path 'C:\Daten\Entwicklung\ClippyAI\ClippyAI\bin\Debug\net10.0-windows10.0.17763.0\Npgsql.dll' is denied. Die Datei wird durch "Visual Studio Debug Adapter for .NET (49188), dotnet.exe (11900)" gesperrt. [C:\Daten\Entwicklung\ClippyAI\ClippyAI\ClippyAI.csproj]
C:\Program Files\dotnet\sdk\10.0.103\Sdks\Microsoft.NET.Sdk\targets\Microsoft.NET.Sdk.targets(308,5): warning NETSDK1206: Versions- oder verteilungsspezifische Laufzeitbezeichner gefunden: win7-x64. Betroffene Bibliotheken: Packaging.Targets. In .NET 8.0 und h├Âher werden Ressourcen f├╝r versions- und verteilungsspezifische Laufzeitbezeichner standardm├ñ├ƒig nicht gefunden. Weitere Informationen finden Sie unter https://aka.ms/dotnet/rid-usage. [C:\Daten\Entwicklung\ClippyAI\ClippyAI\Libs\DesktopNotificationsNet8\DesktopNotifications.Avalonia\DesktopNotifications.Avalonia.csproj]
C:\Daten\Entwicklung\ClippyAI\ClippyAI\ClippyAI.csproj : warning NU1510: PackageReference System.Configuration.ConfigurationManager will not be pruned. Consider removing this package from your dependencies, as it is likely unnecessary.
C:\Daten\Entwicklung\ClippyAI\ClippyAI\ViewModels\ConfigurationDialogViewModel.cs(14,7): warning CS0105: Die using-Direktive f├╝r "DirectShowLib" ist bereits vorher in diesem Namespace aufgetreten. [C:\Daten\Entwicklung\ClippyAI\ClippyAI\ClippyAI.csproj]
C:\Daten\Entwicklung\ClippyAI\ClippyAI\App.axaml.cs(18,24): warning CS0108: "App.Current" blendet den vererbten Member "Application.Current" aus. Verwenden Sie das new-Schl├╝sselwort, wenn das Ausblenden vorgesehen war. [C:\Daten\Entwicklung\ClippyAI\ClippyAI\ClippyAI.csproj]
C:\Daten\Entwicklung\ClippyAI\ClippyAI\Services\ClipboardService.cs(41,34): warning CS0618: "IClipboard.GetFormatsAsync()" ist veraltet: "Use GetDataFormatsAsync instead." [C:\Daten\Entwicklung\ClippyAI\ClippyAI\ClippyAI.csproj]
C:\Daten\Entwicklung\ClippyAI\ClippyAI\Services\ClipboardService.cs(85,22): warning CS0618: "IClipboard.GetTextAsync()" ist veraltet: "Use ClipboardExtensions.TryGetTextAsync instead" [C:\Daten\Entwicklung\ClippyAI\ClippyAI\ClippyAI.csproj]
C:\Daten\Entwicklung\ClippyAI\ClippyAI\Services\ClipboardService.cs(104,26): warning CS0618: "IClipboard.GetDataAsync(string)" ist veraltet: "Use TryGetDataAsync instead." [C:\Daten\Entwicklung\ClippyAI\ClippyAI\ClippyAI.csproj]
C:\Daten\Entwicklung\ClippyAI\ClippyAI\Services\ClipboardService.cs(105,24): warning CS0618: "IClipboard.GetDataAsync(string)" ist veraltet: "Use TryGetDataAsync instead." [C:\Daten\Entwicklung\ClippyAI\ClippyAI\ClippyAI.csproj]
C:\Daten\Entwicklung\ClippyAI\ClippyAI\Services\ClipboardService.cs(106,24): warning CS0618: "IClipboard.GetDataAsync(string)" ist veraltet: "Use TryGetDataAsync instead." [C:\Daten\Entwicklung\ClippyAI\ClippyAI\ClippyAI.csproj]
C:\Daten\Entwicklung\ClippyAI\ClippyAI\Services\ClipboardService.cs(107,24): warning CS0618: "IClipboard.GetDataAsync(string)" ist veraltet: "Use TryGetDataAsync instead." [C:\Daten\Entwicklung\ClippyAI\ClippyAI\ClippyAI.csproj]
C:\Daten\Entwicklung\ClippyAI\ClippyAI\Services\ClipboardService.cs(108,24): warning CS0618: "IClipboard.GetDataAsync(string)" ist veraltet: "Use TryGetDataAsync instead." [C:\Daten\Entwicklung\ClippyAI\ClippyAI\ClippyAI.csproj]
C:\Daten\Entwicklung\ClippyAI\ClippyAI\Services\ClipboardService.cs(109,24): warning CS0618: "IClipboard.GetDataAsync(string)" ist veraltet: "Use TryGetDataAsync instead." [C:\Daten\Entwicklung\ClippyAI\ClippyAI\ClippyAI.csproj]
C:\Daten\Entwicklung\ClippyAI\ClippyAI\Services\ClipboardService.cs(110,24): warning CS0618: "IClipboard.GetDataAsync(string)" ist veraltet: "Use TryGetDataAsync instead." [C:\Daten\Entwicklung\ClippyAI\ClippyAI\ClippyAI.csproj]
C:\Daten\Entwicklung\ClippyAI\ClippyAI\Services\ClipboardService.cs(111,24): warning CS0618: "IClipboard.GetDataAsync(string)" ist veraltet: "Use TryGetDataAsync instead." [C:\Daten\Entwicklung\ClippyAI\ClippyAI\ClippyAI.csproj]
C:\Daten\Entwicklung\ClippyAI\ClippyAI\Services\ClipboardService.cs(112,24): warning CS0618: "IClipboard.GetDataAsync(string)" ist veraltet: "Use TryGetDataAsync instead." [C:\Daten\Entwicklung\ClippyAI\ClippyAI\ClippyAI.csproj]
C:\Daten\Entwicklung\ClippyAI\ClippyAI\Services\ClipboardService.cs(113,24): warning CS0618: "IClipboard.GetDataAsync(string)" ist veraltet: "Use TryGetDataAsync instead." [C:\Daten\Entwicklung\ClippyAI\ClippyAI\ClippyAI.csproj]
C:\Daten\Entwicklung\ClippyAI\ClippyAI\Services\ClipboardService.cs(114,24): warning CS0618: "IClipboard.GetDataAsync(string)" ist veraltet: "Use TryGetDataAsync instead." [C:\Daten\Entwicklung\ClippyAI\ClippyAI\ClippyAI.csproj]
C:\Program Files\dotnet\sdk\10.0.103\Sdks\Microsoft.NET.Sdk\targets\Microsoft.NET.Sdk.targets(308,5): warning NETSDK1206: Versions- oder verteilungsspezifische Laufzeitbezeichner gefunden: ubuntu-x64, win7-x64. Betroffene Bibliotheken: Emgu.CV.runtime.mini.ubuntu-x64, Packaging.Targets. In .NET 8.0 und h├Âher werden Ressourcen f├╝r versions- und verteilungsspezifische Laufzeitbezeichner standardm├ñ├ƒig nicht gefunden. Weitere Informationen finden Sie unter https://aka.ms/dotnet/rid-usage. [C:\Daten\Entwicklung\ClippyAI\ClippyAI\ClippyAI.csproj]
    50 Warnung(en)
    0 Fehler

Verstrichene Zeit 00:00:33.63
